
> event_intake_form@0.0.0 build
> vite build

[36mvite v8.0.3 [32mbuilding client environment for production...[36m[39m
[2K
transforming...Γ£ô 467 modules transformed.
Γ£ù Build failed in 119ms
error during build:
Build failed with 3 errors:

[builtin:vite-transform] Error: Expected corresponding JSX closing tag for 'div'.
    Γò¡ΓöÇ[ src/sections/ConfirmationScreen.jsx:34:7 ]
    Γöé
 11 Γöé     <div className="w-full mx-auto min-h-[60vh] flex items-center animate-fade-in px-4 sm:px-0">
    Γöé      ΓöÇΓö¼ΓöÇ  
    Γöé       Γò░ΓöÇΓöÇΓöÇ Opened here
    Γöé 
 34 Γöé     </motion.div>
    Γöé       ΓöÇΓöÇΓöÇΓöÇΓöÇΓö¼ΓöÇΓöÇΓöÇΓöÇ  
    Γöé            Γò░ΓöÇΓöÇΓöÇΓöÇΓöÇΓöÇ Expected `</div>`
ΓöÇΓöÇΓöÇΓöÇΓò»

[plugin vite:css] D:/beautifullydone/event_intake_form/src/styles/global.css
Failed to load PostCSS config: Failed to load PostCSS config (searchPath: D:/beautifullydone/event_intake_form): [ReferenceError] module is not defined in ES module scope
This file is being treated as an ES module because it has a '.js' file extension and 'D:\beautifullydone\event_intake_form\package.json' contains "type": "module". To treat it as a CommonJS script, rename it to use the '.cjs' file extension.
ReferenceError: module is not defined in ES module scope
This file is being treated as an ES module because it has a '.js' file extension and 'D:\beautifullydone\event_intake_form\package.json' contains "type": "module". To treat it as a CommonJS script, rename it to use the '.cjs' file extension.
    at file:///D:/beautifullydone/event_intake_form/postcss.config.js?t=1774727575046:1:1
    at ModuleJob.run (node:internal/modules/esm/module_job:430:25)
    at async onImport.tracePromise.__proto__ (node:internal/modules/esm/loader:661:26)
    at async req (file:///D:/beautifullydone/event_intake_form/node_modules/vite/dist/node/chunks/node.js:19511:12)
    at async Object.search (file:///D:/beautifullydone/event_intake_form/node_modules/vite/dist/node/chunks/node.js:19329:24)
[plugin vite:css] D:/beautifullydone/event_intake_form/src/styles/global.css
Failed to load PostCSS config: Failed to load PostCSS config (searchPath: D:/beautifullydone/event_intake_form): [ReferenceError] module is not defined in ES module scope
This file is being treated as an ES module because it has a '.js' file extension and 'D:\beautifullydone\event_intake_form\package.json' contains "type": "module". To treat it as a CommonJS script, rename it to use the '.cjs' file extension.
ReferenceError: module is not defined in ES module scope
This file is being treated as an ES module because it has a '.js' file extension and 'D:\beautifullydone\event_intake_form\package.json' contains "type": "module". To treat it as a CommonJS script, rename it to use the '.cjs' file extension.
    at file:///D:/beautifullydone/event_intake_form/postcss.config.js?t=1774727575046:1:1
    at ModuleJob.run (node:internal/modules/esm/module_job:430:25)
    at async onImport.tracePromise.__proto__ (node:internal/modules/esm/loader:661:26)
    at async req (file:///D:/beautifullydone/event_intake_form/node_modules/vite/dist/node/chunks/node.js:19511:12)
    at async Object.search (file:///D:/beautifullydone/event_intake_form/node_modules/vite/dist/node/chunks/node.js:19329:24)
    at aggregateBindingErrorsIntoJsError (file:///D:/beautifullydone/event_intake_form/node_modules/rolldown/dist/shared/error-BLhcSyeg.mjs:48:18)
    at unwrapBindingResult (file:///D:/beautifullydone/event_intake_form/node_modules/rolldown/dist/shared/error-BLhcSyeg.mjs:18:128)
    at #build (file:///D:/beautifullydone/event_intake_form/node_modules/rolldown/dist/shared/rolldown-build-CPrIX9V6.mjs:3313:34)
    at async buildEnvironment (file:///D:/beautifullydone/event_intake_form/node_modules/vite/dist/node/chunks/node.js:32849:64)
    at async Object.build (file:///D:/beautifullydone/event_intake_form/node_modules/vite/dist/node/chunks/node.js:33271:19)
    at async Object.buildApp (file:///D:/beautifullydone/event_intake_form/node_modules/vite/dist/node/chunks/node.js:33268:153)
    at async CAC.<anonymous> (file:///D:/beautifullydone/event_intake_form/node_modules/vite/dist/node/cli.js:778:3) {
  errors: [Getter/Setter]
}
